1714374685.369355 2024-04-29 03:11:25 MainProcess-3651 MainThread-140276794574656 parsl.dataflow.dflow:91 __init__ INFO: Starting DataFlowKernel with config
Config(
    app_cache=True, 
    checkpoint_files=None, 
    checkpoint_mode=None, 
    checkpoint_period=None, 
    executors=(ThreadPoolExecutor(
        label='threads', 
        max_threads=2, 
        storage_access=None, 
        thread_name_prefix='', 
        working_dir=None
    ),), 
    garbage_collect=True, 
    initialize_logging=True, 
    internal_tasks_max_threads=10, 
    max_idletime=120.0, 
    monitoring=None, 
    retries=0, 
    retry_handler=None, 
    run_dir='runinfo', 
    strategy='simple', 
    strategy_period=5, 
    usage_tracking=False
)
1714374685.369498 2024-04-29 03:11:25 MainProcess-3651 MainThread-140276794574656 parsl.dataflow.dflow:93 __init__ INFO: Parsl version: 2024.04.22
1714374685.369580 2024-04-29 03:11:25 MainProcess-3651 MainThread-140276794574656 parsl.usage_tracking.usage:111 __init__ DEBUG: Tracking status: False
1714374685.369664 2024-04-29 03:11:25 MainProcess-3651 MainThread-140276794574656 parsl.dataflow.dflow:121 __init__ INFO: Run id is: 52fc5c2c-b314-4146-9692-e30e67c869d2
1714374685.395235 2024-04-29 03:11:25 MainProcess-3651 MainThread-140276794574656 parsl.dataflow.dflow:128 __init__ DEBUG: Considering candidate for workflow name: /home/shivani/.local/lib/python3.9/site-packages/parsl/dataflow/dflow.py
1714374685.395322 2024-04-29 03:11:25 MainProcess-3651 MainThread-140276794574656 parsl.dataflow.dflow:128 __init__ DEBUG: Considering candidate for workflow name: /home/shivani/.local/lib/python3.9/site-packages/parsl/dataflow/dflow.py
1714374685.395347 2024-04-29 03:11:25 MainProcess-3651 MainThread-140276794574656 parsl.dataflow.dflow:128 __init__ DEBUG: Considering candidate for workflow name: /home/shivani/cdac/parallel_python/./myBashOne.py
1714374685.395378 2024-04-29 03:11:25 MainProcess-3651 MainThread-140276794574656 parsl.dataflow.dflow:134 __init__ DEBUG: Using myBashOne.py as workflow name
1714374685.395481 2024-04-29 03:11:25 MainProcess-3651 MainThread-140276794574656 parsl.dataflow.memoization:163 __init__ INFO: App caching initialized
1714374685.395522 2024-04-29 03:11:25 MainProcess-3651 MainThread-140276794574656 parsl.jobs.strategy:145 __init__ DEBUG: Scaling strategy: simple
1714374685.396764 2024-04-29 03:11:25 MainProcess-3651 MainThread-140276794574656 parsl.dataflow.dflow:997 submit DEBUG: Task 0 will be sent to executor threads
1714374685.396850 2024-04-29 03:11:25 MainProcess-3651 MainThread-140276794574656 parsl.dataflow.dflow:789 _add_output_deps DEBUG: Adding output dependencies
1714374685.443359 2024-04-29 03:11:25 MainProcess-3651 MainThread-140276794574656 parsl.dataflow.dflow:1079 submit INFO: Task 0 submitted for App myFun, not waiting on any dependency
1714374685.443537 2024-04-29 03:11:25 MainProcess-3651 MainThread-140276794574656 parsl.dataflow.dflow:1085 submit DEBUG: Task 0 set to pending state with AppFuture: <AppFuture at 0x7f94abaa1af0 state=pending>
1714374685.443591 2024-04-29 03:11:25 MainProcess-3651 MainThread-140276794574656 parsl.dataflow.memoization:222 check_memo DEBUG: Task 0 will not be memoized
1714374685.443997 2024-04-29 03:11:25 MainProcess-3651 MainThread-140276794574656 parsl.dataflow.dflow:747 launch_task INFO: Parsl task 0 try 0 launched on executor threads
1714374685.444074 2024-04-29 03:11:25 MainProcess-3651 MainThread-140276794574656 parsl.dataflow.dflow:1428 log_std_stream INFO: Standard out for task 0 will be redirected to filein.txt
1714374685.444101 2024-04-29 03:11:25 MainProcess-3651 MainThread-140276794574656 parsl.dataflow.dflow:1428 log_std_stream INFO: Standard error for task 0 will be redirected to fileout.txt
1714374685.452655 2024-04-29 03:11:25 MainProcess-3651 ThreadPoolExecutor-0_0-140276500186688 parsl.dataflow.dflow:572 _complete_task INFO: Task 0 completed (launched -> exec_done)
1714374685.452762 2024-04-29 03:11:25 MainProcess-3651 ThreadPoolExecutor-0_0-140276500186688 parsl.dataflow.dflow:1428 log_std_stream INFO: Standard out for task 0 will be redirected to filein.txt
1714374685.452806 2024-04-29 03:11:25 MainProcess-3651 ThreadPoolExecutor-0_0-140276500186688 parsl.dataflow.dflow:1428 log_std_stream INFO: Standard error for task 0 will be redirected to fileout.txt
1714374685.453049 2024-04-29 03:11:25 MainProcess-3651 MainThread-140276794574656 parsl.dataflow.dflow:1188 atexit_cleanup WARNING: Python is exiting with a DFK still running. You should call parsl.dfk().cleanup() before exiting to release any resources
