1714374820.290582 2024-04-29 03:13:40 MainProcess-3764 MainThread-139639678003008 parsl.dataflow.dflow:91 __init__ INFO: Starting DataFlowKernel with config
Config(
    app_cache=True, 
    checkpoint_files=None, 
    checkpoint_mode=None, 
    checkpoint_period=None, 
    executors=(ThreadPoolExecutor(
        label='threads', 
        max_threads=2, 
        storage_access=None, 
        thread_name_prefix='', 
        working_dir=None
    ),), 
    garbage_collect=True, 
    initialize_logging=True, 
    internal_tasks_max_threads=10, 
    max_idletime=120.0, 
    monitoring=None, 
    retries=0, 
    retry_handler=None, 
    run_dir='runinfo', 
    strategy='simple', 
    strategy_period=5, 
    usage_tracking=False
)
1714374820.290711 2024-04-29 03:13:40 MainProcess-3764 MainThread-139639678003008 parsl.dataflow.dflow:93 __init__ INFO: Parsl version: 2024.04.22
1714374820.290787 2024-04-29 03:13:40 MainProcess-3764 MainThread-139639678003008 parsl.usage_tracking.usage:111 __init__ DEBUG: Tracking status: False
1714374820.290875 2024-04-29 03:13:40 MainProcess-3764 MainThread-139639678003008 parsl.dataflow.dflow:121 __init__ INFO: Run id is: 00096e3d-7527-4fad-a1cf-c90f9e56f3d6
1714374820.318983 2024-04-29 03:13:40 MainProcess-3764 MainThread-139639678003008 parsl.dataflow.dflow:128 __init__ DEBUG: Considering candidate for workflow name: /home/shivani/.local/lib/python3.9/site-packages/parsl/dataflow/dflow.py
1714374820.319066 2024-04-29 03:13:40 MainProcess-3764 MainThread-139639678003008 parsl.dataflow.dflow:128 __init__ DEBUG: Considering candidate for workflow name: /home/shivani/.local/lib/python3.9/site-packages/parsl/dataflow/dflow.py
1714374820.319091 2024-04-29 03:13:40 MainProcess-3764 MainThread-139639678003008 parsl.dataflow.dflow:128 __init__ DEBUG: Considering candidate for workflow name: /home/shivani/cdac/parallel_python/./myBashTwo.py
1714374820.319113 2024-04-29 03:13:40 MainProcess-3764 MainThread-139639678003008 parsl.dataflow.dflow:134 __init__ DEBUG: Using myBashTwo.py as workflow name
1714374820.319216 2024-04-29 03:13:40 MainProcess-3764 MainThread-139639678003008 parsl.dataflow.memoization:163 __init__ INFO: App caching initialized
1714374820.319255 2024-04-29 03:13:40 MainProcess-3764 MainThread-139639678003008 parsl.jobs.strategy:145 __init__ DEBUG: Scaling strategy: simple
1714374820.320578 2024-04-29 03:13:40 MainProcess-3764 MainThread-139639678003008 parsl.dataflow.dflow:997 submit DEBUG: Task 0 will be sent to executor threads
1714374820.320703 2024-04-29 03:13:40 MainProcess-3764 MainThread-139639678003008 parsl.dataflow.dflow:789 _add_output_deps DEBUG: Adding output dependencies
1714374820.360226 2024-04-29 03:13:40 MainProcess-3764 MainThread-139639678003008 parsl.dataflow.dflow:1079 submit INFO: Task 0 submitted for App myFun, not waiting on any dependency
1714374820.360392 2024-04-29 03:13:40 MainProcess-3764 MainThread-139639678003008 parsl.dataflow.dflow:1085 submit DEBUG: Task 0 set to pending state with AppFuture: <AppFuture at 0x7f0054900d60 state=pending>
1714374820.360449 2024-04-29 03:13:40 MainProcess-3764 MainThread-139639678003008 parsl.dataflow.memoization:222 check_memo DEBUG: Task 0 will not be memoized
1714374820.360819 2024-04-29 03:13:40 MainProcess-3764 MainThread-139639678003008 parsl.dataflow.dflow:747 launch_task INFO: Parsl task 0 try 0 launched on executor threads
1714374820.360873 2024-04-29 03:13:40 MainProcess-3764 MainThread-139639678003008 parsl.dataflow.dflow:1428 log_std_stream INFO: Standard out for task 0 will be redirected to fileThree.txt
1714374820.360896 2024-04-29 03:13:40 MainProcess-3764 MainThread-139639678003008 parsl.dataflow.dflow:1428 log_std_stream INFO: Standard error for task 0 will be redirected to fileFour.txt
1714374820.371557 2024-04-29 03:13:40 MainProcess-3764 ThreadPoolExecutor-0_0-139639383840320 parsl.dataflow.dflow:572 _complete_task INFO: Task 0 completed (launched -> exec_done)
1714374820.371685 2024-04-29 03:13:40 MainProcess-3764 ThreadPoolExecutor-0_0-139639383840320 parsl.dataflow.dflow:1428 log_std_stream INFO: Standard out for task 0 will be redirected to fileThree.txt
1714374820.371726 2024-04-29 03:13:40 MainProcess-3764 ThreadPoolExecutor-0_0-139639383840320 parsl.dataflow.dflow:1428 log_std_stream INFO: Standard error for task 0 will be redirected to fileFour.txt
1714374820.372003 2024-04-29 03:13:40 MainProcess-3764 MainThread-139639678003008 parsl.dataflow.dflow:1188 atexit_cleanup WARNING: Python is exiting with a DFK still running. You should call parsl.dfk().cleanup() before exiting to release any resources
